// Jest Snapshot v1, https://goo.gl/fbAQLP

exports[`matches snapshot 1`] = `
<DocumentFragment>
  <div
    aria-label="Progress"
    aria-valuemax="100"
    aria-valuemin="0"
    aria-valuenow="90"
    class="h-2 w-full rounded-full bg-white/10"
    role="progressbar"
  >
    <div
      class="h-full rounded-full bg-cosmic-primary"
      style="width: 90%;"
    />
  </div>
</DocumentFragment>
`;
