// Jest Snapshot v1, https://goo.gl/fbAQLP

exports[`matches snapshot 1`] = `
<DocumentFragment>
  <button
    aria-autocomplete="none"
    aria-controls="radix-:ra:"
    aria-expanded="false"
    aria-label="Plan"
    class="inline-flex h-10 min-w-[10rem] items-center justify-between gap-2 rounded-lg border border-cosmic-border bg-cosmic-surface px-3 text-sm text-white outline-none transition-colors hover:bg-white/5 focus-visible:ring-2 focus-visible:ring-cosmic-primary"
    data-placeholder=""
    data-state="closed"
    dir="ltr"
    role="combobox"
    type="button"
  >
    <span
      style="pointer-events: none;"
    >
      Selectâ€¦
    </span>
    <span
      aria-hidden="true"
    >
      <svg
        fill="none"
        height="16"
        viewBox="0 0 24 24"
        width="16"
        xmlns="http://www.w3.org/2000/svg"
      >
        <path
          d="M6 9l6 6 6-6"
          stroke="currentColor"
          stroke-linecap="round"
          stroke-linejoin="round"
          stroke-width="2"
        />
      </svg>
    </span>
  </button>
</DocumentFragment>
`;
