// Jest Snapshot v1, https://goo.gl/fbAQLP

exports[`matches snapshot 1`] = `
<DocumentFragment>
  <div
    class="inline-flex items-center gap-3 text-white"
  >
    <button
      aria-checked="false"
      aria-labelledby="snap-label"
      class="relative h-6 w-11 rounded-full border border-cosmic-border bg-cosmic-surface transition-colors data-[state=checked]:bg-cosmic-primary outline-none focus-visible:ring-2 focus-visible:ring-cosmic-primary"
      data-state="unchecked"
      id="snap"
      role="switch"
      type="button"
      value="on"
    >
      <span
        class="block h-5 w-5 translate-x-0.5 rounded-full bg-white transition-transform data-[state=checked]:translate-x-[22px]"
        data-state="unchecked"
      />
    </button>
    <label
      class="cursor-pointer select-none text-sm"
      for="snap"
      id="snap-label"
    >
      Snap
    </label>
  </div>
</DocumentFragment>
`;
