// Jest Snapshot v1, https://goo.gl/fbAQLP

exports[`matches snapshot 1`] = `
<DocumentFragment>
  <textarea
    class="min-h-[80px] w-full resize-y rounded-lg border border-cosmic-border bg-cosmic-surface px-4 py-3 text-sm text-white placeholder:text-cosmic-muted outline-none transition-colors focus-visible:ring-2 focus-visible:ring-cosmic-primary"
    placeholder="Snapshot"
  />
</DocumentFragment>
`;
